exports[`LayerForm default 1`] = `
<span
  style={
    Object {
      "display": "none"
    }
  } />
`;
